SERVER_NAME,DATABASE_NAME,SCHEMA_NAME,TABLE_NAME,COLUMN_NAME,SCAN_DATE,NULL_COUNT,NOT_NULL_COUNT,NULL_PERCENT,NOT_NULL_PERCENT,BLANK_COUNT,NOT_BLANK_COUNT,BLANK_PERCENT,NOT_BLANK_PERCENT,NULL_OR_BLANK_COUNT,NOT_NULL_OR_BLANK_COUNT,NULL_OR_BLANK_PERCENT,NOT_NULL_OR_BLANK_PERCENT,COUNT_DISTINCT,MIN_OF_NUMBER,MAX_OF_NUMBER
MY_SERVER,MYDataBase,dbo,table1,location_type,20240620,0,0,NULL,NULL,0,0,NULL,NULL,0,0,NULL,NULL,0,NULL,NULL
MY_SERVER,MYDataBase,dbo,table1,org_code,20240620,0,0,NULL,NULL,0,0,NULL,NULL,0,0,NULL,NULL,0,NULL,NULL
MY_SERVER,MYDataBase,dbo,table1,SrcPDB,20240620,0,0,NULL,NULL,0,0,NULL,NULL,0,0,NULL,NULL,0,NULL,NULL
MY_SERVER,MYDataBase,dbo,table1,prrowid,20240620,0,0,NULL,NULL,0,0,NULL,NULL,0,0,NULL,NULL,0,NULL,NULL
MY_SERVER,MYDataBase,dbo,table1,question_set,20240620,0,0,NULL,NULL,0,0,NULL,NULL,0,0,NULL,NULL,0,NULL,NULL

(5 rows affected)

SERVER_NAME,DATABASE_NAME,SCHEMA_NAME,TABLE_NAME,COLUMN_NAME,SCAN_DATE,NULL_COUNT,NOT_NULL_COUNT,NULL_PERCENT,NOT_NULL_PERCENT,BLANK_COUNT,NOT_BLANK_COUNT,BLANK_PERCENT,NOT_BLANK_PERCENT,NULL_OR_BLANK_COUNT,NOT_NULL_OR_BLANK_COUNT,NULL_OR_BLANK_PERCENT,NOT_NULL_OR_BLANK_PERCENT,COUNT_DISTINCT,MIN_OF_NUMBER,MAX_OF_NUMBER
MY_SERVER,MYDataBase,dbo,table2,created,20240620,0,0,NULL,NULL,0,0,NULL,NULL,0,0,NULL,NULL,0,NULL,NULL
MY_SERVER,MYDataBase,dbo,table2,modified,20240620,0,0,NULL,NULL,0,0,NULL,NULL,0,0,NULL,NULL,0,NULL,NULL

(2 rows affected)

SERVER_NAME,DATABASE_NAME,SCHEMA_NAME,TABLE_NAME,COLUMN_NAME,SCAN_DATE,NULL_COUNT,NOT_NULL_COUNT,NULL_PERCENT,NOT_NULL_PERCENT,BLANK_COUNT,NOT_BLANK_COUNT,BLANK_PERCENT,NOT_BLANK_PERCENT,NULL_OR_BLANK_COUNT,NOT_NULL_OR_BLANK_COUNT,NULL_OR_BLANK_PERCENT,NOT_NULL_OR_BLANK_PERCENT,COUNT_DISTINCT,MIN_OF_NUMBER,MAX_OF_NUMBER
MY_SERVER,MYDataBase,dbo,table4,org_code,20240620,0,0,NULL,NULL,0,0,NULL,NULL,0,0,NULL,NULL,0,NULL,NULL
MY_SERVER,MYDataBase,dbo,table4,priority,20240620,0,0,NULL,NULL,0,0,NULL,NULL,0,0,NULL,NULL,0,NULL,NULL
MY_SERVER,MYDataBase,dbo,table4,prrowid,20240620,0,0,NULL,NULL,0,0,NULL,NULL,0,0,NULL,NULL,0,NULL,NULL
MY_SERVER,MYDataBase,dbo,table4,sub_sys_ref,20240620,0,0,NULL,NULL,0,0,NULL,NULL,0,0,NULL,NULL,0,NULL,NULL
MY_SERVER,MYDataBase,dbo,table4,sys_ref,20240620,0,0,NULL,NULL,0,0,NULL,NULL,0,0,NULL,NULL,0,NULL,NULL

(5 rows affected)

SERVER_NAME,DATABASE_NAME,SCHEMA_NAME,TABLE_NAME,COLUMN_NAME,SCAN_DATE,NULL_COUNT,NOT_NULL_COUNT,NULL_PERCENT,NOT_NULL_PERCENT,BLANK_COUNT,NOT_BLANK_COUNT,BLANK_PERCENT,NOT_BLANK_PERCENT,NULL_OR_BLANK_COUNT,NOT_NULL_OR_BLANK_COUNT,NULL_OR_BLANK_PERCENT,NOT_NULL_OR_BLANK_PERCENT,COUNT_DISTINCT,MIN_OF_NUMBER,MAX_OF_NUMBER
MY_SERVER,MYDataBase,dbo,table3,from_date,20240620,0,0,NULL,NULL,0,0,NULL,NULL,0,0,NULL,NULL,0,NULL,NULL

(1 row affected)


Completion time: 2024-06-20T15:25:56.8145159+01:00
